
> zion-finance@0.1.0 build
> next build

   Ôû▓ Next.js 14.1.0

   Creating an optimized production build ...
 Ô£ô Compiled successfully
   Linting and checking validity of types ...
node.exe : Failed to compile.
En línea: 1 Carácter: 1
+ & "C:\Program 
Files\nodejs/node.exe" 
"C:\Program 
Files\nodejs/node_mo ...
+ ~~~~~~~~~~~~~~~~~~~~~~~~~~~
~~~~~~~~~~~~~~~~~~~~~~~~~~~~~
~~~~~~~~~~~~~
    + CategoryInfo           
   : NotSpecified: (Failed   
  to compile.:String) [],    
 RemoteException
    + FullyQualifiedErrorId  
   : NativeCommandError
 

./app/page.tsx:368:118
Type error: Argument of type 
'ValueType | undefined' is 
not assignable to parameter 
of type 'number'.
  Type 'undefined' is not 
assignable to type 'number'.

[0m [90m 366 |[39m        
                             
 [33m<[39m[33mdiv[39m sty
le[33m=[39m{{background[33
m:[39m 
[32m'#000'[39m[33m,[39m 
padding[33m:[39m 
[32m'2rem'[39m[33m,[39m 
borderRadius[33m:[39m 
[32m'25px'[39m[33m,[39m 
border[33m:[39m [32m`2px 
solid ${payload[0].payload.co
lor}`[39m[33m,[39m 
boxShadow[33m:[39m [32m'0 
20px 40px rgba(0,0,0,0.6)'[3
9m}}[33m>[39m[0m
[0m [90m 367 |[39m        
                             
    [33m<[39m[33mp[39m st
yle[33m=[39m{{fontSize[33m
:[39m [32m'0.9rem'[39m[33
m,[39m color[33m:[39m [32
m'#64748b'[39m[33m,[39m 
fontWeight[33m:[39m [35m95
0[39m}}[33m>[39m{payload[
[35m0[39m][33m.[39mname}[
33m<[39m[33m/[39m[33mp[3
9m[33m>[39m[0m
[0m[31m[1m>[22m[39m[90m
 368 |[39m                  
                       
[33m<[39m[33mp[39m style
[33m=[39m{{fontSize[33m:[3
9m [32m'2.2rem'[39m[33m,[
39m fontWeight[33m:[39m 
[35m950[39m[33m,[39m 
color[33m:[39m [32m'#fff'
[39m}}[33m>[39m{formatMoney
(payload[[35m0[39m][33m.[
39mvalue)}[33m<[39m[33m/[
39m[33mp[39m[33m>[39m[0m
[0m [90m     |[39m        
                             
                             
                             
                       
[31m[1m^[22m[39m[0m
[0m [90m 369 |[39m        
                             
    [33m<[39m[33mp[39m st
yle[33m=[39m{{fontSize[33m
:[39m [32m'1.2rem'[39m[33
m,[39m 
fontWeight[33m:[39m 
[35m950[39m[33m,[39m 
color[33m:[39m payload[[35
m0[39m][33m.[39mpayload[3
3m.[39mcolor}}[33m>[39m{((
payload[[35m0[39m][33m.[3
9mvalue [33m/[39m 
totalVault) [33m*[39m [35m
100[39m)[33m.[39mtoFixed(
[35m1[39m)}[33m%[39m[33m<
[39m[33m/[39m[33mp[39m[
33m>[39m[0m
[0m [90m 370 |[39m        
                             
 [33m<[39m[33m/[39m[33md
iv[39m[33m>[39m[0m
[0m [90m 371 |[39m        
                           
)[33m;[39m[0m
